MAX HEAP
peek: 2143916600
rootlist: 2108972894 1846862008 NULL NULL 2143916600*
debug:
{{2108972894,1846862008,2143916600}}
{{258682702}}{{691264645,1565982652,1709302352,2128935266}}
{{1516789132}}{{1693775658,1500586968}}{{520111757,1271709738,1686793451}}
{{72828419}}{{979184374}}{{1298677239,1196375831}}
{{351901665}}
size is 19
extracting a bunch of values...
peek: 2143916600
rootlist: 2108972894 1846862008 NULL NULL 2143916600*
debug:
{{2108972894,1846862008,2143916600}}
{{258682702}}{{691264645,1565982652,1709302352,2128935266}}
{{1516789132}}{{1693775658,1500586968}}{{520111757,1271709738,1686793451}}
{{72828419}}{{979184374}}{{1298677239,1196375831}}
{{351901665}}
size is 19
