MAX HEAP
rootlist: 665313020 2058821269 NULL NULL NULL NULL 2087806326 2146680479*
debug:
{{665313020,2058821269,2087806326,2146680479}}
{{1554593229}}{{924921203,1708174257,1828316933,2033381056,2041451682,2087359000}}{{1783863783,1392509673,1764126749,2031197644,1948940867,1989674810,2066527152}}
{{184876599}}{{205243527,1310400605}}{{1792520626,1364239384,1287930139}}{{307324329,1498217049,1857771662,1991720650}}{{673821775,653890475,1786132626,2015123527,1956660147}}{{19482228}}{{626796714,1606675806}}{{293071916,620082075,835687795}}{{1009845781,936949536,1705589775,1701856942}}{{202950710,829747424,1713349834,1681449256,1930369059}}{{1998801638,1925199917,1532767246,1709862055,2049032376,2063137279}}
{{573526364}}{{847545234}}{{458443097,1190892720}}{{1132242151}}{{1786058240,1231725579}}{{322401112,1687357822,1969432745}}{{247199681}}{{567789809,1745416730}}{{208548882,1516275699,1859360529}}{{1804623121,440383737,1690520530,1941157626}}{{987687849}}{{383138053}}{{233218978,241161298}}{{337899793}}{{248919803,1448544208}}{{193903366,1698076048,1365375459}}{{185948261}}{{1606536757,1420277917}}{{810016246,1624996970,1606317911}}{{908121535,1816666581,1845071071,1868282324}}{{729059750}}{{1402713239,1315652657}}{{319685175,892891041,1018659750}}{{1260382914,419585198,2008422197,1962683852}}{{54425270,1484815012,1370077927,1707098743,2048000220}}
{{546415702}}{{602997606}}{{932508708}}{{445167565,900566435}}{{1008173546}}{{530949994}}{{301300759,1569648543}}{{272688643}}{{1305110476,1601697125}}{{615709263,1910864965,1735914099}}{{188649756}}{{1430608213}}{{975379532}}{{130586958,1187058939}}{{319236714}}{{368122373}}{{1173636111,1605514742}}{{120785204}}{{1618123800,1399444365}}{{357927207,1559606641,1812027167}}{{1097182123}}{{860850912}}{{677163921,880114631}}{{237005209}}{{1436437861,766365057}}{{375330643,1845650370,1487723163}}{{669141672}}{{903395730,1012835754}}{{1334077529,1415034025,1387413567}}{{1438454076,1521437565,2013534660,2024717194}}
{{73965900}}{{70824168}}{{1120233877}}{{793760166}}{{82548031,1630843208}}{{529687663}}{{288939582}}{{1130630985}}{{1141076593}}{{681223385,227340249}}{{706942779}}{{163351126}}{{1655386552}}{{1100808583,821607259}}{{740044604}}{{817823682}}{{1255445274,526562655}}{{668749736}}{{1364956710,1063123432}}{{1078617338,1917754749,2016206021}}
{{1162387735}}{{194231182}}{{95779911}}{{522142984}}{{853549532}}{{31942273}}{{764334280,1779200811}}
{{659032140}}
size is 195
