MAX HEAP
peek: 2005426414
rootlist: NULL 1950725040 NULL 2005426414*
debug:
{{1950725040,2005426414}}
{{1285000240}}{{1914358070,1607750080,1433787055}}
{{1120031145}}{{151209193,1253597461}}
{{88546426}}
size is 10
extracting a bunch of values...
peek: 2005426414
rootlist: NULL 1950725040 NULL 2005426414*
debug:
{{1950725040,2005426414}}
{{1285000240}}{{1914358070,1607750080,1433787055}}
{{1120031145}}{{151209193,1253597461}}
{{88546426}}
size is 10
