MAX HEAP
peek: 2145907454
size is 1015
extracting a bunch of values...
extraction #985: 61203618
extraction #986: 58043693
extraction #989: 56668447
extraction #990: 53936656
extraction #991: 53638244
extraction #992: 51394927
extraction #997: 50885338
extraction #998: 49544806
extraction #1000: 47636625
peek: 42081683
rootlist: 15689809 NULL 42081683* NULL 40214041
debug:
{{15689809,42081683,40214041}}
{{31382031,38342629}}{{24452383,37867668,31880151,39869428}}
{{26511462}}{{34396340}}{{19019820,29445165}}{{24917405,29808494,33424823}}
{{10552950}}{{16617278}}{{17779062,32321458}}
{{27411528}}
size is 21
