MAX HEAP
peek: 2147482159
size is 106566
extracting a bunch of values...
extraction #106536: 765963
extraction #106537: 761180
extraction #106538: 751701
extraction #106539: 747982
extraction #106540: 742922
extraction #106545: 711962
extraction #106546: 709817
extraction #106551: 708408
extraction #106555: 628007
peek: 548619
rootlist: 547099 NULL 542672 NULL 548619*
debug:
{{547099,542672,548619}}
{{2038,450149}}{{228827,408911,527287,534223}}
{{139615}}{{397969}}{{226720,380802}}{{85412,417215,427485}}
{{237245}}{{200211}}{{269709,330643}}
{{244005}}
size is 21
