MAX HEAP
rootlist: NULL 1573968403 2030843115 2115311073*
debug:
{{1573968403,2030843115,2115311073}}
{{1511223925}}{{1993216903,1469223487}}{{1022650701,611772278,990520524}}
{{1412777183}}{{377663194}}{{434815615,582926305}}
{{15111638}}
size is 14
