MAX HEAP
peek: 2147431706
size is 100363
extracting a bunch of values...
extraction #100333: 646058
extraction #100334: 631580
extraction #100335: 629125
extraction #100336: 599319
extraction #100338: 598243
extraction #100339: 587541
extraction #100341: 582264
extraction #100343: 554574
peek: 554570
rootlist: NULL 441803 554570* NULL 474140
debug:
{{441803,554570,474140}}
{{232293}}{{9197,156682}}{{282418,234597,363900,436796}}
{{146002}}{{42378}}{{118610,110903}}{{27402,256745,418696}}
{{80348}}{{120633}}{{390697,411755}}
{{173489}}
size is 22
